// Jest Snapshot v1, https://goo.gl/fbAQLP

exports[`Hello renders correctly 1`] = `
Array [
  <nav
    className=""
  >
    <a
      className=""
      href="/work"
    >
      <span
        className=""
      >
        Work
      </span>
      <i
        className=""
      >
        00
      </i>
    </a>
    <a
      className=""
      href="/lab"
    >
      <span
        className=""
      >
        Lab
      </span>
      <i
        className=""
      >
        01
      </i>
    </a>
    <a
      className=""
      href="/profile"
    >
      <span
        className=""
      >
        Profile
      </span>
      <i
        className=""
      >
        02
      </i>
    </a>
  </nav>,
  <footer>
    <h6
      className=""
      data-baseweb="typo-h6"
    >
      Good Morning Harwood
    </h6>
    <p
      className=""
      data-baseweb="typo-p4"
    >
      <span>
        A creative playground by
      </span>
      <a
        className=""
        href="#"
      >
         
        Matthew Harwood
      </a>
    </p>
  </footer>,
]
`;
