// Jest Snapshot v1, https://goo.gl/fbAQLP

exports[`Page Renderer  should render postHeader 1`] = `
<div
  style={
    Object {
      "opacity": 0,
    }
  }
>
  <section
    className=""
  >
    <div
      className=""
    >
      <div
        className=""
      >
        <div
          className=""
        >
          <div
            className=""
            data-baseweb="typo-label1"
          >
            Web Application
          </div>
          <div
            className=""
            data-baseweb="typo-display2"
          >
            Nike CMS
          </div>
          <p
            className=""
            data-baseweb="typo-p1"
          >
            Some sub text here
          </p>
        </div>
        <div
          className=""
        >
          <div
            className=""
          >
            <div
              className=""
              data-baseweb="typo-label2"
              style={
                Object {
                  "textTransform": "capitalize",
                }
              }
            >
              client
            </div>
            <p
              className=""
              data-baseweb="typo-p4"
            >
              Google
            </p>
          </div>
          <div
            className=""
          >
            <div
              className=""
              data-baseweb="typo-label2"
              style={
                Object {
                  "textTransform": "capitalize",
                }
              }
            >
              collaborators
            </div>
            <p
              className=""
              data-baseweb="typo-p4"
            >
              <span>
                Jimmy Soat (Creative Director)
                <br />
              </span>
              <span>
                Stanley Yeung (Visual Designer)
                <br />
              </span>
              <span>
                Jeffrey Qua (Developer)
                <br />
              </span>
            </p>
          </div>
          <div
            className=""
          >
            <div
              className=""
              data-baseweb="typo-label2"
              style={
                Object {
                  "textTransform": "capitalize",
                }
              }
            >
              company
            </div>
            <p
              className=""
              data-baseweb="typo-p4"
            >
              AKQA
            </p>
          </div>
          <div
            className=""
          >
            <div
              className=""
              data-baseweb="typo-label2"
              style={
                Object {
                  "textTransform": "capitalize",
                }
              }
            >
              role
            </div>
            <p
              className=""
              data-baseweb="typo-p4"
            >
              Frontend Engineer
            </p>
          </div>
          <div
            className=""
          >
            <div
              className=""
              data-baseweb="typo-label2"
              style={
                Object {
                  "textTransform": "capitalize",
                }
              }
            >
              resources
            </div>
            <p
              className=""
              data-baseweb="typo-p4"
            >
              <span>
                <a
                  className=""
                  data-baseweb="link"
                  href="https://www.github.com"
                >
                  Github
                </a>
                <br />
              </span>
            </p>
          </div>
          <div
            className=""
          >
            <div
              className=""
              data-baseweb="typo-label2"
              style={
                Object {
                  "textTransform": "capitalize",
                }
              }
            >
              technology
            </div>
            <p
              className=""
              data-baseweb="typo-p4"
            >
              <span>
                Angular
                <br />
              </span>
            </p>
          </div>
          <div
            className=""
          >
            <div
              className=""
              data-baseweb="typo-label2"
              style={
                Object {
                  "textTransform": "capitalize",
                }
              }
            >
              when
            </div>
            <p
              className=""
              data-baseweb="typo-p4"
            >
              Feb 2014
            </p>
          </div>
        </div>
      </div>
    </div>
  </section>
</div>
`;
