// Jest Snapshot v1, https://goo.gl/fbAQLP

exports[`Page Renderer  should render postHeader 1`] = `
<section
  className=""
  data-baseweb="block"
>
  <div
    className=""
    data-baseweb="block"
  >
    <div
      className=""
      data-baseweb="block"
    >
      <div
        className=""
        data-baseweb="block"
      >
        <div
          className=""
          data-baseweb="block"
        >
          <div
            className=""
            data-baseweb="typo-labellarge"
          >
            Web Application
          </div>
          <div
            className=""
            data-baseweb="typo-displaymedium"
          >
            Nike CMS
          </div>
          <p
            className=""
            data-baseweb="typo-paragraphlarge"
          >
            Some sub text here
          </p>
        </div>
      </div>
      <div
        className=""
        data-baseweb="block"
      >
        <div
          className=""
          data-baseweb="block"
        >
          <div
            className=""
            data-baseweb="typo-labelmedium"
          >
            client
          </div>
          <p
            className=""
            data-baseweb="typo-paragraphxsmall"
          >
            Google
          </p>
        </div>
        <div
          className=""
          data-baseweb="block"
        >
          <div
            className=""
            data-baseweb="typo-labelmedium"
          >
            collaborators
          </div>
          <p
            className=""
            data-baseweb="typo-paragraphxsmall"
          >
            <span>
              Jimmy Soat (Creative Director)
              <br />
            </span>
            <span>
              Stanley Yeung (Visual Designer)
              <br />
            </span>
            <span>
              Jeffrey Qua (Developer)
              <br />
            </span>
          </p>
        </div>
        <div
          className=""
          data-baseweb="block"
        >
          <div
            className=""
            data-baseweb="typo-labelmedium"
          >
            company
          </div>
          <p
            className=""
            data-baseweb="typo-paragraphxsmall"
          >
            AKQA
          </p>
        </div>
        <div
          className=""
          data-baseweb="block"
        >
          <div
            className=""
            data-baseweb="typo-labelmedium"
          >
            role
          </div>
          <p
            className=""
            data-baseweb="typo-paragraphxsmall"
          >
            Frontend Engineer
          </p>
        </div>
        <div
          className=""
          data-baseweb="block"
        >
          <div
            className=""
            data-baseweb="typo-labelmedium"
          >
            resources
          </div>
          <p
            className=""
            data-baseweb="typo-paragraphxsmall"
          >
            <span>
              <a
                className=""
                data-baseweb="link"
                href="https://www.github.com"
                onBlur={[Function]}
                onFocus={[Function]}
              >
                Github
              </a>
              <br />
            </span>
          </p>
        </div>
        <div
          className=""
          data-baseweb="block"
        >
          <div
            className=""
            data-baseweb="typo-labelmedium"
          >
            technology
          </div>
          <p
            className=""
            data-baseweb="typo-paragraphxsmall"
          >
            <span>
              Angular
              <br />
            </span>
          </p>
        </div>
        <div
          className=""
          data-baseweb="block"
        >
          <div
            className=""
            data-baseweb="typo-labelmedium"
          >
            when
          </div>
          <p
            className=""
            data-baseweb="typo-paragraphxsmall"
          >
            Feb 2014
          </p>
        </div>
      </div>
    </div>
  </div>
</section>
`;
