// Jest Snapshot v1, https://goo.gl/fbAQLP

exports[`Should create Nav with children renders correctly 1`] = `
<a
  className=""
  href="/hello"
  state={
    Object {
      "update": "/hello",
    }
  }
>
  <div
    style={
      Object {
        "opacity": 0,
        "transform": "translateY(100%)",
      }
    }
  >
    <span
      className=""
    >
      Hello
    </span>
  </div>
  <span
    className=""
  >
    02
  </span>
</a>
`;
