// Jest Snapshot v1, https://goo.gl/fbAQLP

exports[`Should create Nav with children renders correctly 1`] = `
<footer
  className=""
>
  <span
    className=""
    data-baseweb="typo-labelxsmall"
  >
    Good Morning Harwood
  </span>
  <p
    className=""
    data-baseweb="typo-paragraphxsmall"
  >
    <span
      className=""
      data-baseweb="typo-labelxsmall"
    >
      A creative playground by
    </span>
    <a
      className=""
      data-baseweb="link"
      href="#"
      onBlur={[Function]}
      onFocus={[Function]}
      paddingLeft={0}
      paddingRight={0}
      paddingTop="12px"
    >
       
      Matthew Harwood
    </a>
  </p>
</footer>
`;
